I1 = 33.55 - 45.61i
I1 = 6.02
I2 = 0 - 31.45i
I3 = 27.05 - 15.04i
I4 = 0.49 + 0.88i
I5 = 27.53 - 14.16i
