I0 = 16.67 - 78.83i
I1 = 16.67
I2 = 0 - 79.62i
I3 = 0 + 0.79i
