I1 = 10.75 + 3.11i
I2 = 0.12 + 0.56i
I3 = 0.06 + 0.27i
I4 = 0.06 + 0.29i
I5 = 0.08 + 0.29i
I6 = -0.02 + 0.004i
I7 = 10.86 + 3.67i
