I1 = -0.24 + 0.27i
I2 = 8.62 - 6.13i
I3 = 8.37 - 5.86i
I4 = -3.83 + 2.68i
I5 = 12.2 - 8.54i
