I1 = 4.25 - 2.36i
I2 = 5.75 + 4.94i
I3 = 5.26 + 2.63i
